
--- NUEVA PETICIÓN ---
2025-06-12 15:36:35
POST: Array
(
    [action] => eliminar_excel
    [ruta_id] => 22
)


--- NUEVA PETICIÓN ---
2025-06-12 15:36:45
POST: Array
(
    [ruta_id] => 22
    [action] => subir_excel
)


--- NUEVA PETICIÓN ---
2025-06-12 16:29:30
POST: Array
(
    [ruta_id] => 23
    [action] => subir_excel
)


--- NUEVA PETICIÓN ---
2025-06-12 16:30:37
POST: Array
(
    [action] => eliminar_excel
    [ruta_id] => 20
)


--- NUEVA PETICIÓN ---
2025-06-17 18:27:24
POST: Array
(
    [ruta_id] => 24
    [action] => subir_excel
)


--- NUEVA PETICIÓN ---
2025-06-30 15:05:49
POST: Array
(
    [ruta_id] => 25
    [action] => subir_excel
)


--- NUEVA PETICIÓN ---
2025-07-04 13:40:08
POST: Array
(
    [ruta_id] => 26
    [action] => subir_excel
)


--- NUEVA PETICIÓN ---
2025-07-06 23:31:10
POST: Array
(
    [ruta_id] => 5
    [action] => subir_excel
)


--- NUEVA PETICIÓN ---
2025-07-06 23:38:24
POST: Array
(
    [ruta_id] => 2
    [action] => subir_excel
)


--- NUEVA PETICIÓN ---
2025-07-07 00:24:30
POST: Array
(
    [action] => eliminar_excel
    [ruta_id] => 2
)


--- NUEVA PETICIÓN ---
2025-07-07 00:25:41
POST: Array
(
    [action] => eliminar_excel
    [ruta_id] => 5
)


--- NUEVA PETICIÓN ---
2025-07-07 00:25:52
POST: Array
(
    [ruta_id] => 2
    [action] => subir_excel
)


--- NUEVA PETICIÓN ---
2025-07-08 19:26:33
POST: Array
(
    [ruta_id] => 6
    [action] => subir_excel
)

